// Jest Snapshot v1, https://goo.gl/fbAQLP

exports[`@nature-ui/radio Radio renders correctly 1`] = `
<DocumentFragment>
  <label
    class="nature-radio inline-flex items-center align-top css-1y18hzf-Radio"
  >
    <input
      class="nature-radio__input"
      style="border: 0px; clip: rect(0px, 0px, 0px, 0px); height: 1px; width: 1px; padding: 0px; overflow: hidden; white-space: nowrap; position: absolute;"
      type="radio"
      value=""
    />
    <div
      aria-hidden="true"
      class="nature-radio__control inline-flex items-center justify-center flex-shrink-0 border-2 border-solid rounded-full text-white transition-all duration-150 css-kklk9c css-1wncg9q-Radio"
    />
  </label>
</DocumentFragment>
`;
