// Jest Snapshot v1, https://goo.gl/fbAQLP

exports[`Spinner renders correctly 1`] = `
<DocumentFragment>
  <span
    class="animation-1nvx475 border-2 w-4 h-4 inline-block overflow-hidden border-transparent border-t-2 align-middle text-blue-500 css-hxvqwd"
    style="border-top: 2px solid currentColor; border-left: 2px solid currentColor;"
  >
    <span
      class="css-e941bk"
    >
      Loading...
    </span>
  </span>
</DocumentFragment>
`;
