// Jest Snapshot v1, https://goo.gl/fbAQLP

exports[`@nature-ui/circular-progress CircularProgress renders correctly 1`] = `
<DocumentFragment>
  <div>
    <div
      aria-valuemax="100"
      aria-valuemin="0"
      aria-valuenow="20"
      class="inline-block relative align-middle"
      role="progressbar"
    >
      <svg
        class=""
        height="60px"
        viewBox="0 0 100 100"
        width="60px"
      >
        <circle
          class="stroke-current text-gray-200"
          cx="50"
          cy="50"
          fill="transparent"
          r="42"
          stroke-width="10px"
        />
        <circle
          class="stroke-current text-blue-400 css-e0aiw1"
          cx="50"
          cy="50"
          fill="transparent"
          r="42"
          stroke-dasharray="52.800000000000004 211.2"
          stroke-dashoffset="66"
          stroke-width="10px"
        />
      </svg>
    </div>
    <div
      aria-valuemax="100"
      aria-valuemin="0"
      aria-valuenow="60"
      class="inline-block relative align-middle"
      role="progressbar"
    >
      <svg
        class=""
        height="120px"
        viewBox="0 0 100 100"
        width="120px"
      >
        <circle
          class="stroke-current text-transparent"
          cx="50"
          cy="50"
          fill="transparent"
          r="42"
          stroke-width="10"
        />
        <circle
          class="stroke-current text-blue-400 css-e0aiw1"
          cx="50"
          cy="50"
          fill="transparent"
          r="42"
          stroke-dasharray="158.4 105.6"
          stroke-dashoffset="66"
          stroke-width="10"
        />
      </svg>
    </div>
  </div>
</DocumentFragment>
`;

exports[`@nature-ui/circular-progress Progress renders correctly 1`] = `
<DocumentFragment>
  <div>
    <div
      class="overflow-hidden relative bg-gray-300 w-full h-6 css-jb16r4"
      color="green"
    >
      <div
        aria-valuemax="100"
        aria-valuemin="0"
        aria-valuenow="20"
        class="h-full bg-teal-400 css-nyci5l"
        color="green"
        role="progressbar"
      />
    </div>
    <div
      class="overflow-hidden relative bg-gray-300 w-full h-6 css-1r10t72"
      color="blue"
    >
      <div
        aria-valuemax="100"
        aria-valuemin="0"
        aria-valuenow="40"
        class="h-full bg-teal-400 css-1jz7m94 css-1ttdosy"
        color="blue"
        role="progressbar"
      />
    </div>
    <div
      class="overflow-hidden relative bg-gray-300 w-full h-6 css-14dp4mi"
      color="yellow"
    >
      <div
        aria-valuemax="100"
        aria-valuemin="0"
        aria-valuenow="80"
        class="h-full bg-teal-400 css-1jz7m94 css-1g5oqvd css-13r1wu6"
        color="yellow"
        role="progressbar"
      />
    </div>
  </div>
</DocumentFragment>
`;
