// Jest Snapshot v1, https://goo.gl/fbAQLP

exports[`@nature-ui/circular-progress CircularProgress renders correctly 1`] = `
<DocumentFragment>
  <div>
    <div
      aria-valuemax="100"
      aria-valuemin="0"
      aria-valuenow="20"
      class="inline-block relative align-middle"
      role="progressbar"
    >
      <svg
        class=""
        height="60px"
        viewBox="0 0 100 100"
        width="60px"
      >
        <circle
          class="stroke-current text-gray-200"
          cx="50"
          cy="50"
          fill="transparent"
          r="42"
          stroke-width="10px"
        />
        <circle
          class="stroke-current text-blue-400 css-e0aiw1"
          cx="50"
          cy="50"
          fill="transparent"
          r="42"
          stroke-dasharray="52.800000000000004 211.2"
          stroke-dashoffset="66"
          stroke-width="10px"
        />
      </svg>
    </div>
    <div
      aria-valuemax="100"
      aria-valuemin="0"
      aria-valuenow="60"
      class="inline-block relative align-middle"
      role="progressbar"
    >
      <svg
        class=""
        height="120px"
        viewBox="0 0 100 100"
        width="120px"
      >
        <circle
          class="stroke-current text-transparent"
          cx="50"
          cy="50"
          fill="transparent"
          r="42"
          stroke-width="10"
        />
        <circle
          class="stroke-current text-blue-400 css-e0aiw1"
          cx="50"
          cy="50"
          fill="transparent"
          r="42"
          stroke-dasharray="158.4 105.6"
          stroke-dashoffset="66"
          stroke-width="10"
        />
      </svg>
    </div>
  </div>
</DocumentFragment>
`;
