// Jest Snapshot v1, https://goo.gl/fbAQLP

exports[`@nature-ui/breadcrumb Breadcrumb renders correctly 1`] = `
<DocumentFragment>
  <nav
    aria-label="breadcrumb"
    class=""
  >
    <ol
      class=" flex "
    >
      <li
        class=""
      >
        <a
          class=" hover:underline "
          href="#"
        >
          Link 1
        </a>
        <span
          class="  css-157nrv9"
          role="presentation"
        >
          /
        </span>
      </li>
      <li
        class=""
      >
        <a
          class=" hover:underline "
          href="#"
        >
          Link 2
        </a>
        <span
          class="  css-157nrv9"
          role="presentation"
        >
          /
        </span>
      </li>
      <li
        class=""
      >
        <span
          aria-current="page"
          class=""
        >
          Link 3
        </span>
      </li>
    </ol>
  </nav>
</DocumentFragment>
`;
