// Jest Snapshot v1, https://goo.gl/fbAQLP

exports[`Spinner renders correctly 1`] = `
<DocumentFragment>
  <button
    class="px-4 focus:shadow-outline focus:outline-none rounded font-semibold relative overflow-hidden align-middle inline-flex justify-center items-center leading-normal bg-gray-200 text-gray-700 hover:bg-gray-300 css-mqia37 css-1x86u9b css-14d0z92"
  >
    Show Success Toast
  </button>
</DocumentFragment>
`;
