// Jest Snapshot v1, https://goo.gl/fbAQLP

exports[`@nature-ui/react it should render Alert component 1`] = `
<DocumentFragment>
  <div
    class="px-4 py-3 flex items-center w-full relative overflow-hidden bg-red-200 text-gray-800"
    role="alert"
  >
    <svg
      class="text-gray-800 mr-3 text-red-600 mr-3"
      fill="none"
      height="20"
      size="20"
      stroke="currentColor"
      stroke-linecap="round"
      stroke-linejoin="round"
      stroke-width="2"
      viewBox="0 0 24 24"
      width="20"
      xmlns="http://www.w3.org/2000/svg"
    >
      <circle
        cx="12"
        cy="12"
        r="10"
      />
      <line
        x1="12"
        x2="12"
        y1="8"
        y2="12"
      />
      <line
        x1="12"
        x2="12"
        y1="16"
        y2="16"
      />
    </svg>
    <div
      class="mr-3 font-bold"
    >
      Alert title
    </div>
    <div
      class=""
    >
      Alert description
    </div>
  </div>
</DocumentFragment>
`;
