// Jest Snapshot v1, https://goo.gl/fbAQLP

exports[`@nature-ui/system it allows pass through props 1`] = `
<DocumentFragment>
  <img
    data-testid="img"
    width="60px"
  />
</DocumentFragment>
`;

exports[`@nature-ui/system nature elements - renders with tailwind className props 1`] = `
<DocumentFragment>
  <div
    class="mt-40"
  >
    Welcome
  </div>
</DocumentFragment>
`;
